[2026-08-10T19:25:36.045Z] 🚀 WhatsApp tracker started
[2026-08-10T19:25:36.047Z] ✓ Subscribed to Sreenithi presence
[2026-08-10T19:25:36.056Z] 👂 Listening for "check" commands on ntfy
[2026-08-10T19:25:36.346Z] 🔴 Sreenithi went OFFLINE
[2026-08-10T19:28:25.819Z] 🚀 WhatsApp tracker started
[2026-08-10T19:28:25.821Z] ✓ Subscribed to Sreenithi presence
[2026-08-10T19:28:25.830Z] 👂 Listening for "check" commands on ntfy
[2026-08-10T19:28:26.141Z] 🔴 Sreenithi went OFFLINE
[2026-08-10T19:28:33.939Z] 💬 Amma ❤️ is TYPING
[2026-08-10T19:30:01.774Z] 🚀 WhatsApp tracker started
[2026-08-10T19:30:01.779Z] ✓ Subscribed to Sreenithi presence
[2026-08-10T19:30:01.780Z] 👂 Starting ntfy listener for "check" commands
[2026-08-10T19:30:02.178Z] 🔴 Sreenithi went OFFLINE
[2026-08-10T19:30:03.203Z] 📥 Received ntfy message: "undefined"
[2026-08-10T19:30:03.611Z] 📥 Received ntfy message: "sreenithi 🤍 went offline"
[2026-08-10T19:30:19.967Z] 📥 Received ntfy message: "check"
[2026-08-10T19:30:19.968Z] 🔍 "check" command detected - sending RTT probe
[2026-08-10T19:30:21.367Z] 📥 Received ntfy message: "triggered"
[2026-08-10T19:30:21.798Z] 🔍 RTT probe sent to Sreenithi (msg: 3EB069A6097BFA1C99986A)
[2026-08-10T19:30:31.813Z] 🔴 Sreenithi: OFFLINE (RTT: 11844ms - TIMEOUT) - Device offline or unreachable
[2026-08-10T19:30:33.025Z] 📥 Received ntfy message: "🔴 sreenithi: offline
rtt: 11844ms (timeout)
device offline or unreachable"
[2026-08-10T19:30:48.214Z] 📥 Received ntfy message: "undefined"
[2026-08-10T19:31:33.182Z] 📥 Received ntfy message: "undefined"
[2026-08-10T19:49:43.114Z] 🚀 Ultimate Sreenithi Tracker started
[2026-08-10T19:49:43.115Z] 📊 Total stats: 0 messages, 0 probes
[2026-08-10T19:49:43.117Z] ✓ Subscribed to presence
[2026-08-10T19:49:43.367Z] 🔴 OFFLINE
[2026-08-10T19:49:44.566Z] 👂 Listening for commands
[2026-08-10T19:49:54.296Z] 📥 Command: "check"
[2026-08-10T19:49:54.298Z] 🔍 Manual check
[2026-08-10T19:49:54.916Z] 🔍 RTT probe sent (3EB04CE67C60B779DD9904)
[2026-08-10T19:50:04.924Z] 🔴 OFFLINE (RTT: 10624ms - TIMEOUT)
[2026-08-10T19:50:06.073Z] 📥 Command: "🔴 offline
rtt: 10624ms (timeout)
device offline or unreachable"
[2026-08-10T20:35:25.711Z] 🚀 Ultimate Sreenithi Tracker started
[2026-08-10T20:35:25.714Z] 📊 Total stats: 0 messages, 1 probes
[2026-08-10T20:35:25.717Z] ✓ Subscribed to presence
[2026-08-10T20:35:26.009Z] 🔴 OFFLINE
[2026-08-10T20:35:26.433Z] 👂 Listening for commands
[2026-08-10T20:35:37.950Z] 🚀 Ultimate Sreenithi Tracker started
[2026-08-10T20:35:37.951Z] 📊 Total stats: 0 messages, 1 probes
[2026-08-10T20:35:37.954Z] ✓ Subscribed to presence
[2026-08-10T20:35:38.763Z] 👂 Listening for commands
[2026-08-10T20:35:50.537Z] 🚀 Ultimate Sreenithi Tracker started
[2026-08-10T20:35:50.556Z] 📊 Total stats: 0 messages, 1 probes
[2026-08-10T20:35:50.559Z] ✓ Subscribed to presence
[2026-08-10T20:35:51.236Z] 👂 Listening for commands
[2026-08-10T20:35:56.743Z] 📥 Command: "stop"
[2026-08-10T20:35:56.744Z] ⚠️ No auto-probing running
[2026-08-10T20:35:56.745Z] 📥 Command: "stop"
[2026-08-10T20:35:56.746Z] ⚠️ No auto-probing running
[2026-08-10T20:35:56.747Z] 📥 Command: "stop"
[2026-08-10T20:35:56.748Z] ⚠️ No auto-probing running
[2026-08-10T20:36:06.799Z] 🚀 Ultimate Sreenithi Tracker started
[2026-08-10T20:36:06.800Z] 📊 Total stats: 0 messages, 1 probes
[2026-08-10T20:36:06.801Z] ✓ Subscribed to presence
[2026-08-10T20:36:07.432Z] 👂 Listening for commands
[2026-08-10T20:36:19.938Z] 🚀 Ultimate Sreenithi Tracker started
[2026-08-10T20:36:19.939Z] 📊 Total stats: 0 messages, 1 probes
[2026-08-10T20:36:19.942Z] ✓ Subscribed to presence
[2026-08-10T20:36:20.578Z] 👂 Listening for commands
[2026-08-10T20:36:33.935Z] 🚀 Ultimate Sreenithi Tracker started
[2026-08-10T20:36:33.936Z] 📊 Total stats: 0 messages, 1 probes
[2026-08-10T20:36:33.937Z] ✓ Subscribed to presence
[2026-08-10T20:36:34.580Z] 👂 Listening for commands
[2026-08-10T20:36:48.645Z] 🚀 Ultimate Sreenithi Tracker started
[2026-08-10T20:36:48.647Z] 📊 Total stats: 0 messages, 1 probes
[2026-08-10T20:36:48.649Z] ✓ Subscribed to presence
[2026-08-10T20:36:49.335Z] 👂 Listening for commands
[2026-08-10T20:37:01.620Z] 🚀 Ultimate Sreenithi Tracker started
[2026-08-10T20:37:01.621Z] 📊 Total stats: 0 messages, 1 probes
[2026-08-10T20:37:01.622Z] ✓ Subscribed to presence
[2026-08-10T20:37:02.257Z] 👂 Listening for commands
[2026-08-10T20:37:13.467Z] 🚀 Ultimate Sreenithi Tracker started
[2026-08-10T20:37:13.468Z] 📊 Total stats: 0 messages, 1 probes
[2026-08-10T20:37:13.469Z] ✓ Subscribed to presence
[2026-08-10T20:37:14.046Z] 👂 Listening for commands
[2026-08-10T20:37:19.968Z] 📥 Command: "check"
[2026-08-10T20:37:19.969Z] 🔍 Manual check
[2026-08-10T20:37:19.977Z] ❌ RTT probe failed: Connection Closed
[2026-08-10T20:37:19.978Z] 📥 Command: "check"
[2026-08-10T20:37:19.979Z] 🔍 Manual check
[2026-08-10T20:37:19.980Z] ❌ RTT probe failed: Connection Closed
[2026-08-10T20:37:19.981Z] 📥 Command: "check"
[2026-08-10T20:37:19.981Z] 🔍 Manual check
[2026-08-10T20:37:19.983Z] 📥 Command: "check"
[2026-08-10T20:37:19.984Z] 🔍 Manual check
[2026-08-10T20:37:19.985Z] ❌ RTT probe failed: Connection Closed
[2026-08-10T20:37:19.986Z] 📥 Command: "check"
[2026-08-10T20:37:19.986Z] 🔍 Manual check
[2026-08-10T20:37:19.988Z] ❌ RTT probe failed: Connection Closed
[2026-08-10T20:37:19.989Z] 📥 Command: "check"
[2026-08-10T20:37:19.990Z] 🔍 Manual check
[2026-08-10T20:37:19.991Z] ❌ RTT probe failed: Connection Closed
[2026-08-10T20:37:19.992Z] 📥 Command: "check"
[2026-08-10T20:37:19.992Z] 🔍 Manual check
[2026-08-10T20:37:19.994Z] ❌ RTT probe failed: Connection Closed
[2026-08-10T20:37:19.994Z] 📥 Command: "check"
[2026-08-10T20:37:19.995Z] 🔍 Manual check
[2026-08-10T20:37:19.997Z] ❌ RTT probe failed: Connection Closed
[2026-08-10T20:37:19.998Z] 📥 Command: "check"
[2026-08-10T20:37:19.999Z] 🔍 Manual check
[2026-08-10T20:37:20.001Z] ❌ RTT probe failed: Connection Closed
[2026-08-10T20:37:20.430Z] 🔍 RTT probe sent (3EB0528BB0D82E504BAE44)
[2026-08-10T20:37:30.435Z] 🔴 OFFLINE (RTT: 10452ms - TIMEOUT)
[2026-08-10T20:37:32.025Z] 📥 Command: "🔴 offline
rtt: 10452ms (timeout)
device offline or unreachable"
[2026-08-10T20:37:32.026Z] 📥 Command: "🔴 offline
rtt: 10452ms (timeout)
device offline or unreachable"
[2026-08-10T20:37:32.027Z] 📥 Command: "🔴 offline
rtt: 10452ms (timeout)
device offline or unreachable"
[2026-08-10T20:37:32.028Z] 📥 Command: "🔴 offline
rtt: 10452ms (timeout)
device offline or unreachable"
[2026-08-10T20:37:32.029Z] 📥 Command: "🔴 offline
rtt: 10452ms (timeout)
device offline or unreachable"
[2026-08-10T20:37:32.030Z] 📥 Command: "🔴 offline
rtt: 10452ms (timeout)
device offline or unreachable"
[2026-08-10T20:37:32.030Z] 📥 Command: "🔴 offline
rtt: 10452ms (timeout)
device offline or unreachable"
[2026-08-10T20:37:32.031Z] 📥 Command: "🔴 offline
rtt: 10452ms (timeout)
device offline or unreachable"
[2026-08-10T20:37:32.032Z] 📥 Command: "🔴 offline
rtt: 10452ms (timeout)
device offline or unreachable"
